{
  "Entries": [
    {
      "RequestUri": "/subscriptions/e37510d7-33b6-4676-886f-ee75bcc01871/resourcegroups/crptestar989?api-version=2017-05-10",
      "EncodedRequestUri": "L3N1YnNjcmlwdGlvbnMvZTM3NTEwZDctMzNiNi00Njc2LTg4NmYtZWU3NWJjYzAxODcxL3Jlc291cmNlZ3JvdXBzL2NycHRlc3Rhcjk4OT9hcGktdmVyc2lvbj0yMDE3LTA1LTEw",
      "RequestMethod": "PUT",
      "RequestBody": "{\r\n  \"location\": \"eastus2\"\r\n}",
      "RequestHeaders": {
        "x-ms-client-request-id": [
          "eda6a415-0ac6-4f1b-9029-c936ed137ebd"
        ],
        "Accept-Language": [
          "en-US"
        ],
        "User-Agent": [
          "FxVersion/4.6.29518.01",
          "OSName/Windows",
          "OSVersion/Microsoft.Windows.10.0.19042.",
          "Microsoft.Azure.Management.ResourceManager.ResourceManagementClient/1.6.0.0"
        ],
        "Content-Type": [
          "application/json; charset=utf-8"
        ],
        "Content-Length": [
          "29"
        ]
      },
      "ResponseHeaders": {
        "Cache-Control": [
          "no-cache"
        ],
        "Pragma": [
          "no-cache"
        ],
        "x-ms-ratelimit-remaining-subscription-writes": [
          "1199"
        ],
        "x-ms-request-id": [
          "ab1b3bfe-5a4c-4c41-a00f-43298c10252e"
        ],
        "x-ms-correlation-request-id": [
          "ab1b3bfe-5a4c-4c41-a00f-43298c10252e"
        ],
        "x-ms-routing-request-id": [
          "EASTUS2:20210913T220354Z:ab1b3bfe-5a4c-4c41-a00f-43298c10252e"
        ],
        "Strict-Transport-Security": [
          "max-age=31536000; includeSubDomains"
        ],
        "X-Content-Type-Options": [
          "nosniff"
        ],
        "Date": [
          "Mon, 13 Sep 2021 22:03:54 GMT"
        ],
        "Content-Length": [
          "178"
        ],
        "Content-Type": [
          "application/json; charset=utf-8"
        ],
        "Expires": [
          "-1"
        ]
      },
      "ResponseBody": "{\r\n  \"id\": \"/subscriptions/e37510d7-33b6-4676-886f-ee75bcc01871/resourceGroups/crptestar989\",\r\n  \"name\": \"crptestar989\",\r\n  \"location\": \"eastus2\",\r\n  \"properties\": {\r\n    \"provisioningState\": \"Succeeded\"\r\n  }\r\n}",
      "StatusCode": 201
    },
    {
      "RequestUri": "/subscriptions/e37510d7-33b6-4676-886f-ee75bcc01871/resourceGroups/crptestar989/providers/Microsoft.Compute/disks/diskrp64?api-version=2021-04-01",
      "EncodedRequestUri": "L3N1YnNjcmlwdGlvbnMvZTM3NTEwZDctMzNiNi00Njc2LTg4NmYtZWU3NWJjYzAxODcxL3Jlc291cmNlR3JvdXBzL2NycHRlc3Rhcjk4OS9wcm92aWRlcnMvTWljcm9zb2Z0LkNvbXB1dGUvZGlza3MvZGlza3JwNjQ/YXBpLXZlcnNpb249MjAyMS0wNC0wMQ==",
      "RequestMethod": "PUT",
      "RequestBody": "{\r\n  \"sku\": {\r\n    \"name\": \"Standard_LRS\"\r\n  },\r\n  \"properties\": {\r\n    \"osType\": \"Linux\",\r\n    \"creationData\": {\r\n      \"createOption\": \"Empty\"\r\n    },\r\n    \"diskSizeGB\": 10\r\n  },\r\n  \"location\": \"eastus2\"\r\n}",
      "RequestHeaders": {
        "x-ms-client-request-id": [
          "4b8e5a74-20da-4191-9f07-03793a931863"
        ],
        "Accept-Language": [
          "en-US"
        ],
        "User-Agent": [
          "FxVersion/4.6.29518.01",
          "OSName/Windows",
          "OSVersion/Microsoft.Windows.10.0.19042.",
          "Microsoft.Azure.Management.Compute.ComputeManagementClient/49.1.0"
        ],
        "Content-Type": [
          "application/json; charset=utf-8"
        ],
        "Content-Length": [
          "208"
        ]
      },
      "ResponseHeaders": {
        "Cache-Control": [
          "no-cache"
        ],
        "Pragma": [
          "no-cache"
        ],
        "Location": [
          "https://management.azure.com/subscriptions/e37510d7-33b6-4676-886f-ee75bcc01871/providers/Microsoft.Compute/locations/eastus2/DiskOperations/6c3404a5-8822-423a-a9f0-7449c6e666cf?p=de3c97e5-a7f4-4bba-b1fb-feac30234d51&monitor=true&api-version=2021-04-01"
        ],
        "Retry-After": [
          "2"
        ],
        "Azure-AsyncOperation": [
          "https://management.azure.com/subscriptions/e37510d7-33b6-4676-886f-ee75bcc01871/providers/Microsoft.Compute/locations/eastus2/DiskOperations/6c3404a5-8822-423a-a9f0-7449c6e666cf?p=de3c97e5-a7f4-4bba-b1fb-feac30234d51&api-version=2021-04-01"
        ],
        "x-ms-ratelimit-remaining-resource": [
          "Microsoft.Compute/CreateUpdateDisks3Min;999,Microsoft.Compute/CreateUpdateDisks30Min;7999"
        ],
        "Strict-Transport-Security": [
          "max-age=31536000; includeSubDomains"
        ],
        "x-ms-served-by": [
          "de3c97e5-a7f4-4bba-b1fb-feac30234d51_132471120880337500"
        ],
        "x-ms-request-id": [
          "6c3404a5-8822-423a-a9f0-7449c6e666cf"
        ],
        "Server": [
          "Microsoft-HTTPAPI/2.0",
          "Microsoft-HTTPAPI/2.0"
        ],
        "x-ms-ratelimit-remaining-subscription-writes": [
          "1199"
        ],
        "x-ms-correlation-request-id": [
          "5719e08d-5aa2-4dda-958b-ea8ee8bfaa8d"
        ],
        "x-ms-routing-request-id": [
          "EASTUS2:20210913T220355Z:5719e08d-5aa2-4dda-958b-ea8ee8bfaa8d"
        ],
        "X-Content-Type-Options": [
          "nosniff"
        ],
        "Date": [
          "Mon, 13 Sep 2021 22:03:54 GMT"
        ],
        "Content-Length": [
          "297"
        ],
        "Content-Type": [
          "application/json; charset=utf-8"
        ],
        "Expires": [
          "-1"
        ]
      },
      "ResponseBody": "{\r\n  \"name\": \"diskrp64\",\r\n  \"location\": \"eastus2\",\r\n  \"sku\": {\r\n    \"name\": \"Standard_LRS\"\r\n  },\r\n  \"properties\": {\r\n    \"osType\": \"Linux\",\r\n    \"creationData\": {\r\n      \"createOption\": \"Empty\"\r\n    },\r\n    \"diskSizeGB\": 10,\r\n    \"provisioningState\": \"Updating\",\r\n    \"isArmResource\": true\r\n  }\r\n}",
      "StatusCode": 202
    },
    {
      "RequestUri": "/subscriptions/e37510d7-33b6-4676-886f-ee75bcc01871/resourceGroups/crptestar989/providers/Microsoft.Compute/disks/diskrp64?api-version=2021-04-01",
      "EncodedRequestUri": "L3N1YnNjcmlwdGlvbnMvZTM3NTEwZDctMzNiNi00Njc2LTg4NmYtZWU3NWJjYzAxODcxL3Jlc291cmNlR3JvdXBzL2NycHRlc3Rhcjk4OS9wcm92aWRlcnMvTWljcm9zb2Z0LkNvbXB1dGUvZGlza3MvZGlza3JwNjQ/YXBpLXZlcnNpb249MjAyMS0wNC0wMQ==",
      "RequestMethod": "PUT",
      "RequestBody": "{\r\n  \"sku\": {\r\n    \"name\": \"Standard_LRS\"\r\n  },\r\n  \"properties\": {\r\n    \"osType\": \"Linux\",\r\n    \"creationData\": {\r\n      \"createOption\": \"Empty\"\r\n    },\r\n    \"diskSizeGB\": 10,\r\n    \"encryption\": {\r\n      \"diskEncryptionSetId\": \"/subscriptions/e37510d7-33b6-4676-886f-ee75bcc01871/resourceGroups/RGforSDKtestResources/providers/Microsoft.Compute/diskEncryptionSets/DESforTest\",\r\n      \"type\": \"EncryptionAtRestWithCustomerKey\"\r\n    }\r\n  },\r\n  \"location\": \"eastus2\"\r\n}",
      "RequestHeaders": {
        "x-ms-client-request-id": [
          "fc5e777e-ff51-449e-8d72-2bcefbf7a604"
        ],
        "Accept-Language": [
          "en-US"
        ],
        "User-Agent": [
          "FxVersion/4.6.29518.01",
          "OSName/Windows",
          "OSVersion/Microsoft.Windows.10.0.19042.",
          "Microsoft.Azure.Management.Compute.ComputeManagementClient/49.1.0"
        ],
        "Content-Type": [
          "application/json; charset=utf-8"
        ],
        "Content-Length": [
          "466"
        ]
      },
      "ResponseHeaders": {
        "Cache-Control": [
          "no-cache"
        ],
        "Pragma": [
          "no-cache"
        ],
        "Location": [
          "https://management.azure.com/subscriptions/e37510d7-33b6-4676-886f-ee75bcc01871/providers/Microsoft.Compute/locations/eastus2/DiskOperations/d54802b2-4288-46a0-9d7b-d306f1fa104b?p=de3c97e5-a7f4-4bba-b1fb-feac30234d51&monitor=true&api-version=2021-04-01"
        ],
        "Retry-After": [
          "2"
        ],
        "Azure-AsyncOperation": [
          "https://management.azure.com/subscriptions/e37510d7-33b6-4676-886f-ee75bcc01871/providers/Microsoft.Compute/locations/eastus2/DiskOperations/d54802b2-4288-46a0-9d7b-d306f1fa104b?p=de3c97e5-a7f4-4bba-b1fb-feac30234d51&api-version=2021-04-01"
        ],
        "x-ms-ratelimit-remaining-resource": [
          "Microsoft.Compute/CreateUpdateDisks3Min;998,Microsoft.Compute/CreateUpdateDisks30Min;7998"
        ],
        "Strict-Transport-Security": [
          "max-age=31536000; includeSubDomains"
        ],
        "x-ms-served-by": [
          "de3c97e5-a7f4-4bba-b1fb-feac30234d51_132471120880337500"
        ],
        "x-ms-request-id": [
          "d54802b2-4288-46a0-9d7b-d306f1fa104b"
        ],
        "Server": [
          "Microsoft-HTTPAPI/2.0",
          "Microsoft-HTTPAPI/2.0"
        ],
        "x-ms-ratelimit-remaining-subscription-writes": [
          "1198"
        ],
        "x-ms-correlation-request-id": [
          "c6f4c294-1e30-4127-aa65-6b649722ef67"
        ],
        "x-ms-routing-request-id": [
          "EASTUS2:20210913T220421Z:c6f4c294-1e30-4127-aa65-6b649722ef67"
        ],
        "X-Content-Type-Options": [
          "nosniff"
        ],
        "Date": [
          "Mon, 13 Sep 2021 22:04:20 GMT"
        ],
        "Content-Length": [
          "555"
        ],
        "Content-Type": [
          "application/json; charset=utf-8"
        ],
        "Expires": [
          "-1"
        ]
      },
      "ResponseBody": "{\r\n  \"name\": \"diskrp64\",\r\n  \"location\": \"eastus2\",\r\n  \"sku\": {\r\n    \"name\": \"Standard_LRS\"\r\n  },\r\n  \"properties\": {\r\n    \"osType\": \"Linux\",\r\n    \"creationData\": {\r\n      \"createOption\": \"Empty\"\r\n    },\r\n    \"diskSizeGB\": 10,\r\n    \"encryption\": {\r\n      \"type\": \"EncryptionAtRestWithCustomerKey\",\r\n      \"diskEncryptionSetId\": \"/subscriptions/e37510d7-33b6-4676-886f-ee75bcc01871/resourceGroups/RGforSDKtestResources/providers/Microsoft.Compute/diskEncryptionSets/DESforTest\"\r\n    },\r\n    \"provisioningState\": \"Updating\",\r\n    \"isArmResource\": true\r\n  }\r\n}",
      "StatusCode": 202
    },
    {
      "RequestUri": "/subscriptions/e37510d7-33b6-4676-886f-ee75bcc01871/providers/Microsoft.Compute/locations/eastus2/DiskOperations/6c3404a5-8822-423a-a9f0-7449c6e666cf?p=de3c97e5-a7f4-4bba-b1fb-feac30234d51&api-version=2021-04-01",
      "EncodedRequestUri": "L3N1YnNjcmlwdGlvbnMvZTM3NTEwZDctMzNiNi00Njc2LTg4NmYtZWU3NWJjYzAxODcxL3Byb3ZpZGVycy9NaWNyb3NvZnQuQ29tcHV0ZS9sb2NhdGlvbnMvZWFzdHVzMi9EaXNrT3BlcmF0aW9ucy82YzM0MDRhNS04ODIyLTQyM2EtYTlmMC03NDQ5YzZlNjY2Y2Y/cD1kZTNjOTdlNS1hN2Y0LTRiYmEtYjFmYi1mZWFjMzAyMzRkNTEmYXBpLXZlcnNpb249MjAyMS0wNC0wMQ==",
      "RequestMethod": "GET",
      "RequestBody": "",
      "RequestHeaders": {
        "User-Agent": [
          "FxVersion/4.6.29518.01",
          "OSName/Windows",
          "OSVersion/Microsoft.Windows.10.0.19042.",
          "Microsoft.Azure.Management.Compute.ComputeManagementClient/49.1.0"
        ]
      },
      "ResponseHeaders": {
        "Cache-Control": [
          "no-cache"
        ],
        "Pragma": [
          "no-cache"
        ],
        "x-ms-ratelimit-remaining-resource": [
          "Microsoft.Compute/GetOperation3Min;49999,Microsoft.Compute/GetOperation30Min;399999"
        ],
        "Strict-Transport-Security": [
          "max-age=31536000; includeSubDomains"
        ],
        "x-ms-served-by": [
          "de3c97e5-a7f4-4bba-b1fb-feac30234d51_132471120880337500"
        ],
        "x-ms-request-id": [
          "f7f55419-bdcc-4118-b7f2-e11fe906cf16"
        ],
        "Server": [
          "Microsoft-HTTPAPI/2.0",
          "Microsoft-HTTPAPI/2.0"
        ],
        "x-ms-ratelimit-remaining-subscription-reads": [
          "11999"
        ],
        "x-ms-correlation-request-id": [
          "a5d93656-a774-4f45-91c8-af110eaccda2"
        ],
        "x-ms-routing-request-id": [
          "EASTUS2:20210913T220357Z:a5d93656-a774-4f45-91c8-af110eaccda2"
        ],
        "X-Content-Type-Options": [
          "nosniff"
        ],
        "Date": [
          "Mon, 13 Sep 2021 22:03:56 GMT"
        ],
        "Content-Length": [
          "1092"
        ],
        "Content-Type": [
          "application/json; charset=utf-8"
        ],
        "Expires": [
          "-1"
        ]
      },
      "ResponseBody": "{\r\n  \"startTime\": \"2021-09-13T22:03:55.2660048+00:00\",\r\n  \"endTime\": \"2021-09-13T22:03:55.3597728+00:00\",\r\n  \"status\": \"Succeeded\",\r\n  \"properties\": {\r\n    \"output\": {\r\n      \"name\": \"diskrp64\",\r\n      \"id\": \"/subscriptions/e37510d7-33b6-4676-886f-ee75bcc01871/resourceGroups/crptestar989/providers/Microsoft.Compute/disks/diskrp64\",\r\n      \"type\": \"Microsoft.Compute/disks\",\r\n      \"location\": \"eastus2\",\r\n      \"sku\": {\r\n        \"name\": \"Standard_LRS\",\r\n        \"tier\": \"Standard\"\r\n      },\r\n      \"properties\": {\r\n        \"osType\": \"Linux\",\r\n        \"creationData\": {\r\n          \"createOption\": \"Empty\"\r\n        },\r\n        \"diskSizeGB\": 10,\r\n        \"diskIOPSReadWrite\": 500,\r\n        \"diskMBpsReadWrite\": 60,\r\n        \"encryption\": {\r\n          \"type\": \"EncryptionAtRestWithPlatformKey\"\r\n        },\r\n        \"networkAccessPolicy\": \"AllowAll\",\r\n        \"publicNetworkAccess\": \"Enabled\",\r\n        \"timeCreated\": \"2021-09-13T22:03:55.2660048+00:00\",\r\n        \"provisioningState\": \"Succeeded\",\r\n        \"diskState\": \"Unattached\",\r\n        \"diskSizeBytes\": 10737418240,\r\n        \"uniqueId\": \"99454594-f274-478b-afae-e4dd902b043f\"\r\n      }\r\n    }\r\n  },\r\n  \"name\": \"6c3404a5-8822-423a-a9f0-7449c6e666cf\"\r\n}",
      "StatusCode": 200
    },
    {
      "RequestUri": "/subscriptions/e37510d7-33b6-4676-886f-ee75bcc01871/resourceGroups/crptestar989/providers/Microsoft.Compute/disks/diskrp64?api-version=2021-04-01",
      "EncodedRequestUri": "L3N1YnNjcmlwdGlvbnMvZTM3NTEwZDctMzNiNi00Njc2LTg4NmYtZWU3NWJjYzAxODcxL3Jlc291cmNlR3JvdXBzL2NycHRlc3Rhcjk4OS9wcm92aWRlcnMvTWljcm9zb2Z0LkNvbXB1dGUvZGlza3MvZGlza3JwNjQ/YXBpLXZlcnNpb249MjAyMS0wNC0wMQ==",
      "RequestMethod": "GET",
      "RequestBody": "",
      "RequestHeaders": {
        "User-Agent": [
          "FxVersion/4.6.29518.01",
          "OSName/Windows",
          "OSVersion/Microsoft.Windows.10.0.19042.",
          "Microsoft.Azure.Management.Compute.ComputeManagementClient/49.1.0"
        ]
      },
      "ResponseHeaders": {
        "Cache-Control": [
          "no-cache"
        ],
        "Pragma": [
          "no-cache"
        ],
        "x-ms-ratelimit-remaining-resource": [
          "Microsoft.Compute/LowCostGet3Min;14996,Microsoft.Compute/LowCostGet30Min;119987"
        ],
        "Strict-Transport-Security": [
          "max-age=31536000; includeSubDomains"
        ],
        "x-ms-served-by": [
          "de3c97e5-a7f4-4bba-b1fb-feac30234d51_132471120880337500"
        ],
        "x-ms-request-id": [
          "eff62f5b-2445-4c16-af2c-c441e3b1ebd4"
        ],
        "Server": [
          "Microsoft-HTTPAPI/2.0",
          "Microsoft-HTTPAPI/2.0"
        ],
        "x-ms-ratelimit-remaining-subscription-reads": [
          "11998"
        ],
        "x-ms-correlation-request-id": [
          "915dd14e-c1dc-49c5-8ef3-79070ad21bf6"
        ],
        "x-ms-routing-request-id": [
          "EASTUS2:20210913T220357Z:915dd14e-c1dc-49c5-8ef3-79070ad21bf6"
        ],
        "X-Content-Type-Options": [
          "nosniff"
        ],
        "Date": [
          "Mon, 13 Sep 2021 22:03:56 GMT"
        ],
        "Content-Length": [
          "867"
        ],
        "Content-Type": [
          "application/json; charset=utf-8"
        ],
        "Expires": [
          "-1"
        ]
      },
      "ResponseBody": "{\r\n  \"name\": \"diskrp64\",\r\n  \"id\": \"/subscriptions/e37510d7-33b6-4676-886f-ee75bcc01871/resourceGroups/crptestar989/providers/Microsoft.Compute/disks/diskrp64\",\r\n  \"type\": \"Microsoft.Compute/disks\",\r\n  \"location\": \"eastus2\",\r\n  \"sku\": {\r\n    \"name\": \"Standard_LRS\",\r\n    \"tier\": \"Standard\"\r\n  },\r\n  \"properties\": {\r\n    \"osType\": \"Linux\",\r\n    \"creationData\": {\r\n      \"createOption\": \"Empty\"\r\n    },\r\n    \"diskSizeGB\": 10,\r\n    \"diskIOPSReadWrite\": 500,\r\n    \"diskMBpsReadWrite\": 60,\r\n    \"encryption\": {\r\n      \"type\": \"EncryptionAtRestWithPlatformKey\"\r\n    },\r\n    \"networkAccessPolicy\": \"AllowAll\",\r\n    \"publicNetworkAccess\": \"Enabled\",\r\n    \"timeCreated\": \"2021-09-13T22:03:55.2660048+00:00\",\r\n    \"provisioningState\": \"Succeeded\",\r\n    \"diskState\": \"Unattached\",\r\n    \"diskSizeBytes\": 10737418240,\r\n    \"uniqueId\": \"99454594-f274-478b-afae-e4dd902b043f\"\r\n  }\r\n}",
      "StatusCode": 200
    },
    {
      "RequestUri": "/subscriptions/e37510d7-33b6-4676-886f-ee75bcc01871/resourceGroups/crptestar989/providers/Microsoft.Compute/disks/diskrp64?api-version=2021-04-01",
      "EncodedRequestUri": "L3N1YnNjcmlwdGlvbnMvZTM3NTEwZDctMzNiNi00Njc2LTg4NmYtZWU3NWJjYzAxODcxL3Jlc291cmNlR3JvdXBzL2NycHRlc3Rhcjk4OS9wcm92aWRlcnMvTWljcm9zb2Z0LkNvbXB1dGUvZGlza3MvZGlza3JwNjQ/YXBpLXZlcnNpb249MjAyMS0wNC0wMQ==",
      "RequestMethod": "GET",
      "RequestBody": "",
      "RequestHeaders": {
        "x-ms-client-request-id": [
          "00dff440-fd77-453f-b249-cabbe8e6444d"
        ],
        "Accept-Language": [
          "en-US"
        ],
        "User-Agent": [
          "FxVersion/4.6.29518.01",
          "OSName/Windows",
          "OSVersion/Microsoft.Windows.10.0.19042.",
          "Microsoft.Azure.Management.Compute.ComputeManagementClient/49.1.0"
        ]
      },
      "ResponseHeaders": {
        "Cache-Control": [
          "no-cache"
        ],
        "Pragma": [
          "no-cache"
        ],
        "x-ms-ratelimit-remaining-resource": [
          "Microsoft.Compute/LowCostGet3Min;14995,Microsoft.Compute/LowCostGet30Min;119986"
        ],
        "Strict-Transport-Security": [
          "max-age=31536000; includeSubDomains"
        ],
        "x-ms-served-by": [
          "de3c97e5-a7f4-4bba-b1fb-feac30234d51_132471120880337500"
        ],
        "x-ms-request-id": [
          "5d524acd-6fa5-41b9-aa98-3a0fa3972077"
        ],
        "Server": [
          "Microsoft-HTTPAPI/2.0",
          "Microsoft-HTTPAPI/2.0"
        ],
        "x-ms-ratelimit-remaining-subscription-reads": [
          "11997"
        ],
        "x-ms-correlation-request-id": [
          "0199f9fc-b777-414e-a2bc-652791988f56"
        ],
        "x-ms-routing-request-id": [
          "EASTUS2:20210913T220357Z:0199f9fc-b777-414e-a2bc-652791988f56"
        ],
        "X-Content-Type-Options": [
          "nosniff"
        ],
        "Date": [
          "Mon, 13 Sep 2021 22:03:56 GMT"
        ],
        "Content-Length": [
          "867"
        ],
        "Content-Type": [
          "application/json; charset=utf-8"
        ],
        "Expires": [
          "-1"
        ]
      },
      "ResponseBody": "{\r\n  \"name\": \"diskrp64\",\r\n  \"id\": \"/subscriptions/e37510d7-33b6-4676-886f-ee75bcc01871/resourceGroups/crptestar989/providers/Microsoft.Compute/disks/diskrp64\",\r\n  \"type\": \"Microsoft.Compute/disks\",\r\n  \"location\": \"eastus2\",\r\n  \"sku\": {\r\n    \"name\": \"Standard_LRS\",\r\n    \"tier\": \"Standard\"\r\n  },\r\n  \"properties\": {\r\n    \"osType\": \"Linux\",\r\n    \"creationData\": {\r\n      \"createOption\": \"Empty\"\r\n    },\r\n    \"diskSizeGB\": 10,\r\n    \"diskIOPSReadWrite\": 500,\r\n    \"diskMBpsReadWrite\": 60,\r\n    \"encryption\": {\r\n      \"type\": \"EncryptionAtRestWithPlatformKey\"\r\n    },\r\n    \"networkAccessPolicy\": \"AllowAll\",\r\n    \"publicNetworkAccess\": \"Enabled\",\r\n    \"timeCreated\": \"2021-09-13T22:03:55.2660048+00:00\",\r\n    \"provisioningState\": \"Succeeded\",\r\n    \"diskState\": \"Unattached\",\r\n    \"diskSizeBytes\": 10737418240,\r\n    \"uniqueId\": \"99454594-f274-478b-afae-e4dd902b043f\"\r\n  }\r\n}",
      "StatusCode": 200
    },
    {
      "RequestUri": "/subscriptions/e37510d7-33b6-4676-886f-ee75bcc01871/resourceGroups/crptestar989/providers/Microsoft.Compute/disks/diskrp64?api-version=2021-04-01",
      "EncodedRequestUri": "L3N1YnNjcmlwdGlvbnMvZTM3NTEwZDctMzNiNi00Njc2LTg4NmYtZWU3NWJjYzAxODcxL3Jlc291cmNlR3JvdXBzL2NycHRlc3Rhcjk4OS9wcm92aWRlcnMvTWljcm9zb2Z0LkNvbXB1dGUvZGlza3MvZGlza3JwNjQ/YXBpLXZlcnNpb249MjAyMS0wNC0wMQ==",
      "RequestMethod": "GET",
      "RequestBody": "",
      "RequestHeaders": {
        "User-Agent": [
          "FxVersion/4.6.29518.01",
          "OSName/Windows",
          "OSVersion/Microsoft.Windows.10.0.19042.",
          "Microsoft.Azure.Management.Compute.ComputeManagementClient/49.1.0"
        ]
      },
      "ResponseHeaders": {
        "Cache-Control": [
          "no-cache"
        ],
        "Pragma": [
          "no-cache"
        ],
        "x-ms-ratelimit-remaining-resource": [
          "Microsoft.Compute/LowCostGet3Min;14993,Microsoft.Compute/LowCostGet30Min;119982"
        ],
        "Strict-Transport-Security": [
          "max-age=31536000; includeSubDomains"
        ],
        "x-ms-served-by": [
          "de3c97e5-a7f4-4bba-b1fb-feac30234d51_132471120880337500"
        ],
        "x-ms-request-id": [
          "f19d7a75-1876-47fd-a9d3-23939c835c48"
        ],
        "Server": [
          "Microsoft-HTTPAPI/2.0",
          "Microsoft-HTTPAPI/2.0"
        ],
        "x-ms-ratelimit-remaining-subscription-reads": [
          "11994"
        ],
        "x-ms-correlation-request-id": [
          "4d93ee15-7698-498c-aaf8-1e5ed2b69629"
        ],
        "x-ms-routing-request-id": [
          "EASTUS2:20210913T220423Z:4d93ee15-7698-498c-aaf8-1e5ed2b69629"
        ],
        "X-Content-Type-Options": [
          "nosniff"
        ],
        "Date": [
          "Mon, 13 Sep 2021 22:04:22 GMT"
        ],
        "Content-Length": [
          "1047"
        ],
        "Content-Type": [
          "application/json; charset=utf-8"
        ],
        "Expires": [
          "-1"
        ]
      },
      "ResponseBody": "{\r\n  \"name\": \"diskrp64\",\r\n  \"id\": \"/subscriptions/e37510d7-33b6-4676-886f-ee75bcc01871/resourceGroups/crptestar989/providers/Microsoft.Compute/disks/diskrp64\",\r\n  \"type\": \"Microsoft.Compute/disks\",\r\n  \"location\": \"eastus2\",\r\n  \"sku\": {\r\n    \"name\": \"Standard_LRS\",\r\n    \"tier\": \"Standard\"\r\n  },\r\n  \"properties\": {\r\n    \"osType\": \"Linux\",\r\n    \"creationData\": {\r\n      \"createOption\": \"Empty\"\r\n    },\r\n    \"diskSizeGB\": 10,\r\n    \"diskIOPSReadWrite\": 500,\r\n    \"diskMBpsReadWrite\": 60,\r\n    \"encryption\": {\r\n      \"type\": \"EncryptionAtRestWithCustomerKey\",\r\n      \"diskEncryptionSetId\": \"/subscriptions/e37510d7-33b6-4676-886f-ee75bcc01871/resourceGroups/RGFORSDKTESTRESOURCES/providers/Microsoft.Compute/diskEncryptionSets/DESforTest\"\r\n    },\r\n    \"networkAccessPolicy\": \"AllowAll\",\r\n    \"publicNetworkAccess\": \"Enabled\",\r\n    \"timeCreated\": \"2021-09-13T22:03:55.2660048+00:00\",\r\n    \"provisioningState\": \"Succeeded\",\r\n    \"diskState\": \"Unattached\",\r\n    \"diskSizeBytes\": 10737418240,\r\n    \"uniqueId\": \"99454594-f274-478b-afae-e4dd902b043f\"\r\n  }\r\n}",
      "StatusCode": 200
    },
    {
      "RequestUri": "/subscriptions/e37510d7-33b6-4676-886f-ee75bcc01871/resourceGroups/crptestar989/providers/Microsoft.Compute/disks/diskrp64?api-version=2021-04-01",
      "EncodedRequestUri": "L3N1YnNjcmlwdGlvbnMvZTM3NTEwZDctMzNiNi00Njc2LTg4NmYtZWU3NWJjYzAxODcxL3Jlc291cmNlR3JvdXBzL2NycHRlc3Rhcjk4OS9wcm92aWRlcnMvTWljcm9zb2Z0LkNvbXB1dGUvZGlza3MvZGlza3JwNjQ/YXBpLXZlcnNpb249MjAyMS0wNC0wMQ==",
      "RequestMethod": "GET",
      "RequestBody": "",
      "RequestHeaders": {
        "x-ms-client-request-id": [
          "e25f09c0-de3b-4e44-a805-b03c82fd30e5"
        ],
        "Accept-Language": [
          "en-US"
        ],
        "User-Agent": [
          "FxVersion/4.6.29518.01",
          "OSName/Windows",
          "OSVersion/Microsoft.Windows.10.0.19042.",
          "Microsoft.Azure.Management.Compute.ComputeManagementClient/49.1.0"
        ]
      },
      "ResponseHeaders": {
        "Cache-Control": [
          "no-cache"
        ],
        "Pragma": [
          "no-cache"
        ],
        "x-ms-ratelimit-remaining-resource": [
          "Microsoft.Compute/LowCostGet3Min;14992,Microsoft.Compute/LowCostGet30Min;119981"
        ],
        "Strict-Transport-Security": [
          "max-age=31536000; includeSubDomains"
        ],
        "x-ms-served-by": [
          "de3c97e5-a7f4-4bba-b1fb-feac30234d51_132471120880337500"
        ],
        "x-ms-request-id": [
          "a68af2b2-eff3-47a9-a667-de7ad2f89909"
        ],
        "Server": [
          "Microsoft-HTTPAPI/2.0",
          "Microsoft-HTTPAPI/2.0"
        ],
        "x-ms-ratelimit-remaining-subscription-reads": [
          "11993"
        ],
        "x-ms-correlation-request-id": [
          "7a1776f7-bb0e-401c-9cef-679508127cbc"
        ],
        "x-ms-routing-request-id": [
          "EASTUS2:20210913T220423Z:7a1776f7-bb0e-401c-9cef-679508127cbc"
        ],
        "X-Content-Type-Options": [
          "nosniff"
        ],
        "Date": [
          "Mon, 13 Sep 2021 22:04:22 GMT"
        ],
        "Content-Length": [
          "1047"
        ],
        "Content-Type": [
          "application/json; charset=utf-8"
        ],
        "Expires": [
          "-1"
        ]
      },
      "ResponseBody": "{\r\n  \"name\": \"diskrp64\",\r\n  \"id\": \"/subscriptions/e37510d7-33b6-4676-886f-ee75bcc01871/resourceGroups/crptestar989/providers/Microsoft.Compute/disks/diskrp64\",\r\n  \"type\": \"Microsoft.Compute/disks\",\r\n  \"location\": \"eastus2\",\r\n  \"sku\": {\r\n    \"name\": \"Standard_LRS\",\r\n    \"tier\": \"Standard\"\r\n  },\r\n  \"properties\": {\r\n    \"osType\": \"Linux\",\r\n    \"creationData\": {\r\n      \"createOption\": \"Empty\"\r\n    },\r\n    \"diskSizeGB\": 10,\r\n    \"diskIOPSReadWrite\": 500,\r\n    \"diskMBpsReadWrite\": 60,\r\n    \"encryption\": {\r\n      \"type\": \"EncryptionAtRestWithCustomerKey\",\r\n      \"diskEncryptionSetId\": \"/subscriptions/e37510d7-33b6-4676-886f-ee75bcc01871/resourceGroups/RGFORSDKTESTRESOURCES/providers/Microsoft.Compute/diskEncryptionSets/DESforTest\"\r\n    },\r\n    \"networkAccessPolicy\": \"AllowAll\",\r\n    \"publicNetworkAccess\": \"Enabled\",\r\n    \"timeCreated\": \"2021-09-13T22:03:55.2660048+00:00\",\r\n    \"provisioningState\": \"Succeeded\",\r\n    \"diskState\": \"Unattached\",\r\n    \"diskSizeBytes\": 10737418240,\r\n    \"uniqueId\": \"99454594-f274-478b-afae-e4dd902b043f\"\r\n  }\r\n}",
      "StatusCode": 200
    },
    {
      "RequestUri": "/subscriptions/e37510d7-33b6-4676-886f-ee75bcc01871/resourceGroups/RGforSDKtestResources/providers/Microsoft.Compute/diskEncryptionSets/DESforTest?api-version=2021-04-01",
      "EncodedRequestUri": "L3N1YnNjcmlwdGlvbnMvZTM3NTEwZDctMzNiNi00Njc2LTg4NmYtZWU3NWJjYzAxODcxL3Jlc291cmNlR3JvdXBzL1JHZm9yU0RLdGVzdFJlc291cmNlcy9wcm92aWRlcnMvTWljcm9zb2Z0LkNvbXB1dGUvZGlza0VuY3J5cHRpb25TZXRzL0RFU2ZvclRlc3Q/YXBpLXZlcnNpb249MjAyMS0wNC0wMQ==",
      "RequestMethod": "GET",
      "RequestBody": "",
      "RequestHeaders": {
        "x-ms-client-request-id": [
          "74179267-2c9f-4011-87ac-b1e40525f165"
        ],
        "Accept-Language": [
          "en-US"
        ],
        "User-Agent": [
          "FxVersion/4.6.29518.01",
          "OSName/Windows",
          "OSVersion/Microsoft.Windows.10.0.19042.",
          "Microsoft.Azure.Management.Compute.ComputeManagementClient/49.1.0"
        ]
      },
      "ResponseHeaders": {
        "Cache-Control": [
          "no-cache"
        ],
        "Pragma": [
          "no-cache"
        ],
        "x-ms-ratelimit-remaining-resource": [
          "Microsoft.Compute/LowCostGet3Min;14994,Microsoft.Compute/LowCostGet30Min;119985"
        ],
        "Strict-Transport-Security": [
          "max-age=31536000; includeSubDomains"
        ],
        "x-ms-served-by": [
          "de3c97e5-a7f4-4bba-b1fb-feac30234d51_132471120880337500"
        ],
        "x-ms-request-id": [
          "b842fa7e-af47-4b3b-acfb-74f0ed77e001"
        ],
        "Server": [
          "Microsoft-HTTPAPI/2.0",
          "Microsoft-HTTPAPI/2.0"
        ],
        "x-ms-ratelimit-remaining-subscription-reads": [
          "11996"
        ],
        "x-ms-correlation-request-id": [
          "88ec39a3-97ed-4814-bd45-621921b8aa6a"
        ],
        "x-ms-routing-request-id": [
          "EASTUS2:20210913T220357Z:88ec39a3-97ed-4814-bd45-621921b8aa6a"
        ],
        "X-Content-Type-Options": [
          "nosniff"
        ],
        "Date": [
          "Mon, 13 Sep 2021 22:03:56 GMT"
        ],
        "Content-Length": [
          "880"
        ],
        "Content-Type": [
          "application/json; charset=utf-8"
        ],
        "Expires": [
          "-1"
        ]
      },
      "ResponseBody": "{\r\n  \"name\": \"DESforTest\",\r\n  \"id\": \"/subscriptions/e37510d7-33b6-4676-886f-ee75bcc01871/resourceGroups/RGforSDKtestResources/providers/Microsoft.Compute/diskEncryptionSets/DESforTest\",\r\n  \"type\": \"Microsoft.Compute/diskEncryptionSets\",\r\n  \"location\": \"eastus2\",\r\n  \"identity\": {\r\n    \"type\": \"SystemAssigned\",\r\n    \"principalId\": \"372ffe22-33ff-4296-bbbe-f340f4e1529c\",\r\n    \"tenantId\": \"72f988bf-86f1-41af-91ab-2d7cd011db47\"\r\n  },\r\n  \"properties\": {\r\n    \"activeKey\": {\r\n      \"sourceVault\": {\r\n        \"id\": \"/subscriptions/e37510d7-33b6-4676-886f-ee75bcc01871/resourceGroups/RGforSDKtestResources/providers/Microsoft.KeyVault/vaults/KVforSDKTest\"\r\n      },\r\n      \"keyUrl\": \"https://kvforsdktest.vault.azure.net/keys/KeyforSDKTest/07a44194e2b94e40878e5d128a4787c0\"\r\n    },\r\n    \"encryptionType\": \"EncryptionAtRestWithCustomerKey\",\r\n    \"provisioningState\": \"Succeeded\"\r\n  }\r\n}",
      "StatusCode": 200
    },
    {
      "RequestUri": "/subscriptions/e37510d7-33b6-4676-886f-ee75bcc01871/providers/Microsoft.Compute/locations/eastus2/DiskOperations/d54802b2-4288-46a0-9d7b-d306f1fa104b?p=de3c97e5-a7f4-4bba-b1fb-feac30234d51&api-version=2021-04-01",
      "EncodedRequestUri": "L3N1YnNjcmlwdGlvbnMvZTM3NTEwZDctMzNiNi00Njc2LTg4NmYtZWU3NWJjYzAxODcxL3Byb3ZpZGVycy9NaWNyb3NvZnQuQ29tcHV0ZS9sb2NhdGlvbnMvZWFzdHVzMi9EaXNrT3BlcmF0aW9ucy9kNTQ4MDJiMi00Mjg4LTQ2YTAtOWQ3Yi1kMzA2ZjFmYTEwNGI/cD1kZTNjOTdlNS1hN2Y0LTRiYmEtYjFmYi1mZWFjMzAyMzRkNTEmYXBpLXZlcnNpb249MjAyMS0wNC0wMQ==",
      "RequestMethod": "GET",
      "RequestBody": "",
      "RequestHeaders": {
        "User-Agent": [
          "FxVersion/4.6.29518.01",
          "OSName/Windows",
          "OSVersion/Microsoft.Windows.10.0.19042.",
          "Microsoft.Azure.Management.Compute.ComputeManagementClient/49.1.0"
        ]
      },
      "ResponseHeaders": {
        "Cache-Control": [
          "no-cache"
        ],
        "Pragma": [
          "no-cache"
        ],
        "x-ms-ratelimit-remaining-resource": [
          "Microsoft.Compute/GetOperation3Min;49997,Microsoft.Compute/GetOperation30Min;399997"
        ],
        "Strict-Transport-Security": [
          "max-age=31536000; includeSubDomains"
        ],
        "x-ms-served-by": [
          "de3c97e5-a7f4-4bba-b1fb-feac30234d51_132471120880337500"
        ],
        "x-ms-request-id": [
          "a1dc019c-6b24-4af3-919b-f2221fbd274e"
        ],
        "Server": [
          "Microsoft-HTTPAPI/2.0",
          "Microsoft-HTTPAPI/2.0"
        ],
        "x-ms-ratelimit-remaining-subscription-reads": [
          "11995"
        ],
        "x-ms-correlation-request-id": [
          "0f3b11eb-9187-49cb-8ca9-459dbedef054"
        ],
        "x-ms-routing-request-id": [
          "EASTUS2:20210913T220423Z:0f3b11eb-9187-49cb-8ca9-459dbedef054"
        ],
        "X-Content-Type-Options": [
          "nosniff"
        ],
        "Date": [
          "Mon, 13 Sep 2021 22:04:22 GMT"
        ],
        "Content-Length": [
          "1272"
        ],
        "Content-Type": [
          "application/json; charset=utf-8"
        ],
        "Expires": [
          "-1"
        ]
      },
      "ResponseBody": "{\r\n  \"startTime\": \"2021-09-13T22:03:57.7348547+00:00\",\r\n  \"endTime\": \"2021-09-13T22:04:21.4231822+00:00\",\r\n  \"status\": \"Succeeded\",\r\n  \"properties\": {\r\n    \"output\": {\r\n      \"name\": \"diskrp64\",\r\n      \"id\": \"/subscriptions/e37510d7-33b6-4676-886f-ee75bcc01871/resourceGroups/crptestar989/providers/Microsoft.Compute/disks/diskrp64\",\r\n      \"type\": \"Microsoft.Compute/disks\",\r\n      \"location\": \"eastus2\",\r\n      \"sku\": {\r\n        \"name\": \"Standard_LRS\",\r\n        \"tier\": \"Standard\"\r\n      },\r\n      \"properties\": {\r\n        \"osType\": \"Linux\",\r\n        \"creationData\": {\r\n          \"createOption\": \"Empty\"\r\n        },\r\n        \"diskSizeGB\": 10,\r\n        \"diskIOPSReadWrite\": 500,\r\n        \"diskMBpsReadWrite\": 60,\r\n        \"encryption\": {\r\n          \"type\": \"EncryptionAtRestWithCustomerKey\",\r\n          \"diskEncryptionSetId\": \"/subscriptions/e37510d7-33b6-4676-886f-ee75bcc01871/resourceGroups/RGFORSDKTESTRESOURCES/providers/Microsoft.Compute/diskEncryptionSets/DESforTest\"\r\n        },\r\n        \"networkAccessPolicy\": \"AllowAll\",\r\n        \"publicNetworkAccess\": \"Enabled\",\r\n        \"timeCreated\": \"2021-09-13T22:03:55.2660048+00:00\",\r\n        \"provisioningState\": \"Succeeded\",\r\n        \"diskState\": \"Unattached\",\r\n        \"diskSizeBytes\": 10737418240,\r\n        \"uniqueId\": \"99454594-f274-478b-afae-e4dd902b043f\"\r\n      }\r\n    }\r\n  },\r\n  \"name\": \"d54802b2-4288-46a0-9d7b-d306f1fa104b\"\r\n}",
      "StatusCode": 200
    },
    {
      "RequestUri": "/subscriptions/e37510d7-33b6-4676-886f-ee75bcc01871/resourceGroups/crptestar989/providers/Microsoft.Compute/disks/diskrp64?api-version=2021-04-01",
      "EncodedRequestUri": "L3N1YnNjcmlwdGlvbnMvZTM3NTEwZDctMzNiNi00Njc2LTg4NmYtZWU3NWJjYzAxODcxL3Jlc291cmNlR3JvdXBzL2NycHRlc3Rhcjk4OS9wcm92aWRlcnMvTWljcm9zb2Z0LkNvbXB1dGUvZGlza3MvZGlza3JwNjQ/YXBpLXZlcnNpb249MjAyMS0wNC0wMQ==",
      "RequestMethod": "DELETE",
      "RequestBody": "",
      "RequestHeaders": {
        "x-ms-client-request-id": [
          "c695d167-2e26-4d3b-b6c8-290defd33600"
        ],
        "Accept-Language": [
          "en-US"
        ],
        "User-Agent": [
          "FxVersion/4.6.29518.01",
          "OSName/Windows",
          "OSVersion/Microsoft.Windows.10.0.19042.",
          "Microsoft.Azure.Management.Compute.ComputeManagementClient/49.1.0"
        ]
      },
      "ResponseHeaders": {
        "Cache-Control": [
          "no-cache"
        ],
        "Pragma": [
          "no-cache"
        ],
        "Location": [
          "https://management.azure.com/subscriptions/e37510d7-33b6-4676-886f-ee75bcc01871/providers/Microsoft.Compute/locations/eastus2/DiskOperations/15d5f9e6-8996-411d-b1aa-ab2e46b5495b?p=de3c97e5-a7f4-4bba-b1fb-feac30234d51&monitor=true&api-version=2021-04-01"
        ],
        "Azure-AsyncOperation": [
          "https://management.azure.com/subscriptions/e37510d7-33b6-4676-886f-ee75bcc01871/providers/Microsoft.Compute/locations/eastus2/DiskOperations/15d5f9e6-8996-411d-b1aa-ab2e46b5495b?p=de3c97e5-a7f4-4bba-b1fb-feac30234d51&api-version=2021-04-01"
        ],
        "x-ms-ratelimit-remaining-resource": [
          "Microsoft.Compute/DeleteDisks3Min;2999,Microsoft.Compute/DeleteDisks30Min;23999"
        ],
        "Strict-Transport-Security": [
          "max-age=31536000; includeSubDomains"
        ],
        "x-ms-served-by": [
          "de3c97e5-a7f4-4bba-b1fb-feac30234d51_132471120880337500"
        ],
        "x-ms-request-id": [
          "15d5f9e6-8996-411d-b1aa-ab2e46b5495b"
        ],
        "Server": [
          "Microsoft-HTTPAPI/2.0",
          "Microsoft-HTTPAPI/2.0"
        ],
        "x-ms-ratelimit-remaining-subscription-deletes": [
          "14998"
        ],
        "x-ms-correlation-request-id": [
          "30db36ce-997d-443d-9321-1328e7a8e877"
        ],
        "x-ms-routing-request-id": [
          "EASTUS2:20210913T220423Z:30db36ce-997d-443d-9321-1328e7a8e877"
        ],
        "X-Content-Type-Options": [
          "nosniff"
        ],
        "Date": [
          "Mon, 13 Sep 2021 22:04:22 GMT"
        ],
        "Expires": [
          "-1"
        ],
        "Content-Length": [
          "0"
        ]
      },
      "ResponseBody": "",
      "StatusCode": 202
    },
    {
      "RequestUri": "/subscriptions/e37510d7-33b6-4676-886f-ee75bcc01871/providers/Microsoft.Compute/locations/eastus2/DiskOperations/15d5f9e6-8996-411d-b1aa-ab2e46b5495b?p=de3c97e5-a7f4-4bba-b1fb-feac30234d51&api-version=2021-04-01",
      "EncodedRequestUri": "L3N1YnNjcmlwdGlvbnMvZTM3NTEwZDctMzNiNi00Njc2LTg4NmYtZWU3NWJjYzAxODcxL3Byb3ZpZGVycy9NaWNyb3NvZnQuQ29tcHV0ZS9sb2NhdGlvbnMvZWFzdHVzMi9EaXNrT3BlcmF0aW9ucy8xNWQ1ZjllNi04OTk2LTQxMWQtYjFhYS1hYjJlNDZiNTQ5NWI/cD1kZTNjOTdlNS1hN2Y0LTRiYmEtYjFmYi1mZWFjMzAyMzRkNTEmYXBpLXZlcnNpb249MjAyMS0wNC0wMQ==",
      "RequestMethod": "GET",
      "RequestBody": "",
      "RequestHeaders": {
        "User-Agent": [
          "FxVersion/4.6.29518.01",
          "OSName/Windows",
          "OSVersion/Microsoft.Windows.10.0.19042.",
          "Microsoft.Azure.Management.Compute.ComputeManagementClient/49.1.0"
        ]
      },
      "ResponseHeaders": {
        "Cache-Control": [
          "no-cache"
        ],
        "Pragma": [
          "no-cache"
        ],
        "x-ms-ratelimit-remaining-resource": [
          "Microsoft.Compute/GetOperation3Min;49994,Microsoft.Compute/GetOperation30Min;399994"
        ],
        "Strict-Transport-Security": [
          "max-age=31536000; includeSubDomains"
        ],
        "x-ms-served-by": [
          "de3c97e5-a7f4-4bba-b1fb-feac30234d51_132471120880337500"
        ],
        "x-ms-request-id": [
          "a0b04761-a05a-4111-ba97-aa8c253a9fbf"
        ],
        "Server": [
          "Microsoft-HTTPAPI/2.0",
          "Microsoft-HTTPAPI/2.0"
        ],
        "x-ms-ratelimit-remaining-subscription-reads": [
          "11992"
        ],
        "x-ms-correlation-request-id": [
          "50bfac8a-92a1-4419-914f-b902b0b2d2c8"
        ],
        "x-ms-routing-request-id": [
          "EASTUS2:20210913T220453Z:50bfac8a-92a1-4419-914f-b902b0b2d2c8"
        ],
        "X-Content-Type-Options": [
          "nosniff"
        ],
        "Date": [
          "Mon, 13 Sep 2021 22:04:53 GMT"
        ],
        "Content-Length": [
          "184"
        ],
        "Content-Type": [
          "application/json; charset=utf-8"
        ],
        "Expires": [
          "-1"
        ]
      },
      "ResponseBody": "{\r\n  \"startTime\": \"2021-09-13T22:04:23.5638935+00:00\",\r\n  \"endTime\": \"2021-09-13T22:04:23.6576386+00:00\",\r\n  \"status\": \"Succeeded\",\r\n  \"name\": \"15d5f9e6-8996-411d-b1aa-ab2e46b5495b\"\r\n}",
      "StatusCode": 200
    },
    {
      "RequestUri": "/subscriptions/e37510d7-33b6-4676-886f-ee75bcc01871/providers/Microsoft.Compute/locations/eastus2/DiskOperations/15d5f9e6-8996-411d-b1aa-ab2e46b5495b?p=de3c97e5-a7f4-4bba-b1fb-feac30234d51&monitor=true&api-version=2021-04-01",
      "EncodedRequestUri": "L3N1YnNjcmlwdGlvbnMvZTM3NTEwZDctMzNiNi00Njc2LTg4NmYtZWU3NWJjYzAxODcxL3Byb3ZpZGVycy9NaWNyb3NvZnQuQ29tcHV0ZS9sb2NhdGlvbnMvZWFzdHVzMi9EaXNrT3BlcmF0aW9ucy8xNWQ1ZjllNi04OTk2LTQxMWQtYjFhYS1hYjJlNDZiNTQ5NWI/cD1kZTNjOTdlNS1hN2Y0LTRiYmEtYjFmYi1mZWFjMzAyMzRkNTEmbW9uaXRvcj10cnVlJmFwaS12ZXJzaW9uPTIwMjEtMDQtMDE=",
      "RequestMethod": "GET",
      "RequestBody": "",
      "RequestHeaders": {
        "User-Agent": [
          "FxVersion/4.6.29518.01",
          "OSName/Windows",
          "OSVersion/Microsoft.Windows.10.0.19042.",
          "Microsoft.Azure.Management.Compute.ComputeManagementClient/49.1.0"
        ]
      },
      "ResponseHeaders": {
        "Cache-Control": [
          "no-cache"
        ],
        "Pragma": [
          "no-cache"
        ],
        "x-ms-ratelimit-remaining-resource": [
          "Microsoft.Compute/GetOperation3Min;49993,Microsoft.Compute/GetOperation30Min;399993"
        ],
        "Strict-Transport-Security": [
          "max-age=31536000; includeSubDomains"
        ],
        "x-ms-served-by": [
          "de3c97e5-a7f4-4bba-b1fb-feac30234d51_132471120880337500"
        ],
        "x-ms-request-id": [
          "516aa25c-2761-4e70-9976-7b577721d836"
        ],
        "Server": [
          "Microsoft-HTTPAPI/2.0",
          "Microsoft-HTTPAPI/2.0"
        ],
        "x-ms-ratelimit-remaining-subscription-reads": [
          "11991"
        ],
        "x-ms-correlation-request-id": [
          "d4855257-6374-4f27-9a39-37db01f9b1de"
        ],
        "x-ms-routing-request-id": [
          "EASTUS2:20210913T220453Z:d4855257-6374-4f27-9a39-37db01f9b1de"
        ],
        "X-Content-Type-Options": [
          "nosniff"
        ],
        "Date": [
          "Mon, 13 Sep 2021 22:04:53 GMT"
        ],
        "Expires": [
          "-1"
        ],
        "Content-Length": [
          "0"
        ]
      },
      "ResponseBody": "",
      "StatusCode": 200
    },
    {
      "RequestUri": "/subscriptions/e37510d7-33b6-4676-886f-ee75bcc01871/resourcegroups/crptestar989?api-version=2017-05-10",
      "EncodedRequestUri": "L3N1YnNjcmlwdGlvbnMvZTM3NTEwZDctMzNiNi00Njc2LTg4NmYtZWU3NWJjYzAxODcxL3Jlc291cmNlZ3JvdXBzL2NycHRlc3Rhcjk4OT9hcGktdmVyc2lvbj0yMDE3LTA1LTEw",
      "RequestMethod": "DELETE",
      "RequestBody": "",
      "RequestHeaders": {
        "x-ms-client-request-id": [
          "7f29ec0e-d163-4ada-b6da-8f7cbf969898"
        ],
        "Accept-Language": [
          "en-US"
        ],
        "User-Agent": [
          "FxVersion/4.6.29518.01",
          "OSName/Windows",
          "OSVersion/Microsoft.Windows.10.0.19042.",
          "Microsoft.Azure.Management.ResourceManager.ResourceManagementClient/1.6.0.0"
        ]
      },
      "ResponseHeaders": {
        "Cache-Control": [
          "no-cache"
        ],
        "Pragma": [
          "no-cache"
        ],
        "Location": [
          "https://management.azure.com/subscriptions/e37510d7-33b6-4676-886f-ee75bcc01871/operationresults/eyJqb2JJZCI6IlJFU09VUkNFR1JPVVBERUxFVElPTkpPQi1DUlBURVNUQVI5ODktRUFTVFVTMiIsImpvYkxvY2F0aW9uIjoiZWFzdHVzMiJ9?api-version=2017-05-10"
        ],
        "Retry-After": [
          "15"
        ],
        "x-ms-ratelimit-remaining-subscription-deletes": [
          "14999"
        ],
        "x-ms-request-id": [
          "c56b6fbc-b051-4ba9-b005-bda268ef72c2"
        ],
        "x-ms-correlation-request-id": [
          "c56b6fbc-b051-4ba9-b005-bda268ef72c2"
        ],
        "x-ms-routing-request-id": [
          "EASTUS2:20210913T220454Z:c56b6fbc-b051-4ba9-b005-bda268ef72c2"
        ],
        "Strict-Transport-Security": [
          "max-age=31536000; includeSubDomains"
        ],
        "X-Content-Type-Options": [
          "nosniff"
        ],
        "Date": [
          "Mon, 13 Sep 2021 22:04:54 GMT"
        ],
        "Expires": [
          "-1"
        ],
        "Content-Length": [
          "0"
        ]
      },
      "ResponseBody": "",
      "StatusCode": 202
    },
    {
      "RequestUri": "/subscriptions/e37510d7-33b6-4676-886f-ee75bcc01871/operationresults/eyJqb2JJZCI6IlJFU09VUkNFR1JPVVBERUxFVElPTkpPQi1DUlBURVNUQVI5ODktRUFTVFVTMiIsImpvYkxvY2F0aW9uIjoiZWFzdHVzMiJ9?api-version=2017-05-10",
      "EncodedRequestUri": "L3N1YnNjcmlwdGlvbnMvZTM3NTEwZDctMzNiNi00Njc2LTg4NmYtZWU3NWJjYzAxODcxL29wZXJhdGlvbnJlc3VsdHMvZXlKcWIySkpaQ0k2SWxKRlUwOVZVa05GUjFKUFZWQkVSVXhGVkVsUFRrcFBRaTFEVWxCVVJWTlVRVkk1T0RrdFJVRlRWRlZUTWlJc0ltcHZZa3h2WTJGMGFXOXVJam9pWldGemRIVnpNaUo5P2FwaS12ZXJzaW9uPTIwMTctMDUtMTA=",
      "RequestMethod": "GET",
      "RequestBody": "",
      "RequestHeaders": {
        "User-Agent": [
          "FxVersion/4.6.29518.01",
          "OSName/Windows",
          "OSVersion/Microsoft.Windows.10.0.19042.",
          "Microsoft.Azure.Management.ResourceManager.ResourceManagementClient/1.6.0.0"
        ]
      },
      "ResponseHeaders": {
        "Cache-Control": [
          "no-cache"
        ],
        "Pragma": [
          "no-cache"
        ],
        "Location": [
          "https://management.azure.com/subscriptions/e37510d7-33b6-4676-886f-ee75bcc01871/operationresults/eyJqb2JJZCI6IlJFU09VUkNFR1JPVVBERUxFVElPTkpPQi1DUlBURVNUQVI5ODktRUFTVFVTMiIsImpvYkxvY2F0aW9uIjoiZWFzdHVzMiJ9?api-version=2017-05-10"
        ],
        "Retry-After": [
          "15"
        ],
        "x-ms-ratelimit-remaining-subscription-reads": [
          "11999"
        ],
        "x-ms-request-id": [
          "faad304b-d9e9-4868-bb60-e15604907598"
        ],
        "x-ms-correlation-request-id": [
          "faad304b-d9e9-4868-bb60-e15604907598"
        ],
        "x-ms-routing-request-id": [
          "EASTUS2:20210913T220509Z:faad304b-d9e9-4868-bb60-e15604907598"
        ],
        "Strict-Transport-Security": [
          "max-age=31536000; includeSubDomains"
        ],
        "X-Content-Type-Options": [
          "nosniff"
        ],
        "Date": [
          "Mon, 13 Sep 2021 22:05:09 GMT"
        ],
        "Expires": [
          "-1"
        ],
        "Content-Length": [
          "0"
        ]
      },
      "ResponseBody": "",
      "StatusCode": 202
    },
    {
      "RequestUri": "/subscriptions/e37510d7-33b6-4676-886f-ee75bcc01871/operationresults/eyJqb2JJZCI6IlJFU09VUkNFR1JPVVBERUxFVElPTkpPQi1DUlBURVNUQVI5ODktRUFTVFVTMiIsImpvYkxvY2F0aW9uIjoiZWFzdHVzMiJ9?api-version=2017-05-10",
      "EncodedRequestUri": "L3N1YnNjcmlwdGlvbnMvZTM3NTEwZDctMzNiNi00Njc2LTg4NmYtZWU3NWJjYzAxODcxL29wZXJhdGlvbnJlc3VsdHMvZXlKcWIySkpaQ0k2SWxKRlUwOVZVa05GUjFKUFZWQkVSVXhGVkVsUFRrcFBRaTFEVWxCVVJWTlVRVkk1T0RrdFJVRlRWRlZUTWlJc0ltcHZZa3h2WTJGMGFXOXVJam9pWldGemRIVnpNaUo5P2FwaS12ZXJzaW9uPTIwMTctMDUtMTA=",
      "RequestMethod": "GET",
      "RequestBody": "",
      "RequestHeaders": {
        "User-Agent": [
          "FxVersion/4.6.29518.01",
          "OSName/Windows",
          "OSVersion/Microsoft.Windows.10.0.19042.",
          "Microsoft.Azure.Management.ResourceManager.ResourceManagementClient/1.6.0.0"
        ]
      },
      "ResponseHeaders": {
        "Cache-Control": [
          "no-cache"
        ],
        "Pragma": [
          "no-cache"
        ],
        "Location": [
          "https://management.azure.com/subscriptions/e37510d7-33b6-4676-886f-ee75bcc01871/operationresults/eyJqb2JJZCI6IlJFU09VUkNFR1JPVVBERUxFVElPTkpPQi1DUlBURVNUQVI5ODktRUFTVFVTMiIsImpvYkxvY2F0aW9uIjoiZWFzdHVzMiJ9?api-version=2017-05-10"
        ],
        "Retry-After": [
          "15"
        ],
        "x-ms-ratelimit-remaining-subscription-reads": [
          "11998"
        ],
        "x-ms-request-id": [
          "6f8633c1-84a7-4819-aef6-8b093fa73056"
        ],
        "x-ms-correlation-request-id": [
          "6f8633c1-84a7-4819-aef6-8b093fa73056"
        ],
        "x-ms-routing-request-id": [
          "EASTUS2:20210913T220524Z:6f8633c1-84a7-4819-aef6-8b093fa73056"
        ],
        "Strict-Transport-Security": [
          "max-age=31536000; includeSubDomains"
        ],
        "X-Content-Type-Options": [
          "nosniff"
        ],
        "Date": [
          "Mon, 13 Sep 2021 22:05:24 GMT"
        ],
        "Expires": [
          "-1"
        ],
        "Content-Length": [
          "0"
        ]
      },
      "ResponseBody": "",
      "StatusCode": 202
    },
    {
      "RequestUri": "/subscriptions/e37510d7-33b6-4676-886f-ee75bcc01871/operationresults/eyJqb2JJZCI6IlJFU09VUkNFR1JPVVBERUxFVElPTkpPQi1DUlBURVNUQVI5ODktRUFTVFVTMiIsImpvYkxvY2F0aW9uIjoiZWFzdHVzMiJ9?api-version=2017-05-10",
      "EncodedRequestUri": "L3N1YnNjcmlwdGlvbnMvZTM3NTEwZDctMzNiNi00Njc2LTg4NmYtZWU3NWJjYzAxODcxL29wZXJhdGlvbnJlc3VsdHMvZXlKcWIySkpaQ0k2SWxKRlUwOVZVa05GUjFKUFZWQkVSVXhGVkVsUFRrcFBRaTFEVWxCVVJWTlVRVkk1T0RrdFJVRlRWRlZUTWlJc0ltcHZZa3h2WTJGMGFXOXVJam9pWldGemRIVnpNaUo5P2FwaS12ZXJzaW9uPTIwMTctMDUtMTA=",
      "RequestMethod": "GET",
      "RequestBody": "",
      "RequestHeaders": {
        "User-Agent": [
          "FxVersion/4.6.29518.01",
          "OSName/Windows",
          "OSVersion/Microsoft.Windows.10.0.19042.",
          "Microsoft.Azure.Management.ResourceManager.ResourceManagementClient/1.6.0.0"
        ]
      },
      "ResponseHeaders": {
        "Cache-Control": [
          "no-cache"
        ],
        "Pragma": [
          "no-cache"
        ],
        "Location": [
          "https://management.azure.com/subscriptions/e37510d7-33b6-4676-886f-ee75bcc01871/operationresults/eyJqb2JJZCI6IlJFU09VUkNFR1JPVVBERUxFVElPTkpPQi1DUlBURVNUQVI5ODktRUFTVFVTMiIsImpvYkxvY2F0aW9uIjoiZWFzdHVzMiJ9?api-version=2017-05-10"
        ],
        "Retry-After": [
          "15"
        ],
        "x-ms-ratelimit-remaining-subscription-reads": [
          "11997"
        ],
        "x-ms-request-id": [
          "9ea8c9ae-1759-47d5-8559-a05c2f05cfde"
        ],
        "x-ms-correlation-request-id": [
          "9ea8c9ae-1759-47d5-8559-a05c2f05cfde"
        ],
        "x-ms-routing-request-id": [
          "EASTUS2:20210913T220540Z:9ea8c9ae-1759-47d5-8559-a05c2f05cfde"
        ],
        "Strict-Transport-Security": [
          "max-age=31536000; includeSubDomains"
        ],
        "X-Content-Type-Options": [
          "nosniff"
        ],
        "Date": [
          "Mon, 13 Sep 2021 22:05:39 GMT"
        ],
        "Expires": [
          "-1"
        ],
        "Content-Length": [
          "0"
        ]
      },
      "ResponseBody": "",
      "StatusCode": 202
    },
    {
      "RequestUri": "/subscriptions/e37510d7-33b6-4676-886f-ee75bcc01871/operationresults/eyJqb2JJZCI6IlJFU09VUkNFR1JPVVBERUxFVElPTkpPQi1DUlBURVNUQVI5ODktRUFTVFVTMiIsImpvYkxvY2F0aW9uIjoiZWFzdHVzMiJ9?api-version=2017-05-10",
      "EncodedRequestUri": "L3N1YnNjcmlwdGlvbnMvZTM3NTEwZDctMzNiNi00Njc2LTg4NmYtZWU3NWJjYzAxODcxL29wZXJhdGlvbnJlc3VsdHMvZXlKcWIySkpaQ0k2SWxKRlUwOVZVa05GUjFKUFZWQkVSVXhGVkVsUFRrcFBRaTFEVWxCVVJWTlVRVkk1T0RrdFJVRlRWRlZUTWlJc0ltcHZZa3h2WTJGMGFXOXVJam9pWldGemRIVnpNaUo5P2FwaS12ZXJzaW9uPTIwMTctMDUtMTA=",
      "RequestMethod": "GET",
      "RequestBody": "",
      "RequestHeaders": {
        "User-Agent": [
          "FxVersion/4.6.29518.01",
          "OSName/Windows",
          "OSVersion/Microsoft.Windows.10.0.19042.",
          "Microsoft.Azure.Management.ResourceManager.ResourceManagementClient/1.6.0.0"
        ]
      },
      "ResponseHeaders": {
        "Cache-Control": [
          "no-cache"
        ],
        "Pragma": [
          "no-cache"
        ],
        "Location": [
          "https://management.azure.com/subscriptions/e37510d7-33b6-4676-886f-ee75bcc01871/operationresults/eyJqb2JJZCI6IlJFU09VUkNFR1JPVVBERUxFVElPTkpPQi1DUlBURVNUQVI5ODktRUFTVFVTMiIsImpvYkxvY2F0aW9uIjoiZWFzdHVzMiJ9?api-version=2017-05-10"
        ],
        "Retry-After": [
          "15"
        ],
        "x-ms-ratelimit-remaining-subscription-reads": [
          "11996"
        ],
        "x-ms-request-id": [
          "5f75a6f3-9acc-4b2a-94c9-18328683cf3a"
        ],
        "x-ms-correlation-request-id": [
          "5f75a6f3-9acc-4b2a-94c9-18328683cf3a"
        ],
        "x-ms-routing-request-id": [
          "EASTUS2:20210913T220555Z:5f75a6f3-9acc-4b2a-94c9-18328683cf3a"
        ],
        "Strict-Transport-Security": [
          "max-age=31536000; includeSubDomains"
        ],
        "X-Content-Type-Options": [
          "nosniff"
        ],
        "Date": [
          "Mon, 13 Sep 2021 22:05:54 GMT"
        ],
        "Expires": [
          "-1"
        ],
        "Content-Length": [
          "0"
        ]
      },
      "ResponseBody": "",
      "StatusCode": 202
    },
    {
      "RequestUri": "/subscriptions/e37510d7-33b6-4676-886f-ee75bcc01871/operationresults/eyJqb2JJZCI6IlJFU09VUkNFR1JPVVBERUxFVElPTkpPQi1DUlBURVNUQVI5ODktRUFTVFVTMiIsImpvYkxvY2F0aW9uIjoiZWFzdHVzMiJ9?api-version=2017-05-10",
      "EncodedRequestUri": "L3N1YnNjcmlwdGlvbnMvZTM3NTEwZDctMzNiNi00Njc2LTg4NmYtZWU3NWJjYzAxODcxL29wZXJhdGlvbnJlc3VsdHMvZXlKcWIySkpaQ0k2SWxKRlUwOVZVa05GUjFKUFZWQkVSVXhGVkVsUFRrcFBRaTFEVWxCVVJWTlVRVkk1T0RrdFJVRlRWRlZUTWlJc0ltcHZZa3h2WTJGMGFXOXVJam9pWldGemRIVnpNaUo5P2FwaS12ZXJzaW9uPTIwMTctMDUtMTA=",
      "RequestMethod": "GET",
      "RequestBody": "",
      "RequestHeaders": {
        "User-Agent": [
          "FxVersion/4.6.29518.01",
          "OSName/Windows",
          "OSVersion/Microsoft.Windows.10.0.19042.",
          "Microsoft.Azure.Management.ResourceManager.ResourceManagementClient/1.6.0.0"
        ]
      },
      "ResponseHeaders": {
        "Cache-Control": [
          "no-cache"
        ],
        "Pragma": [
          "no-cache"
        ],
        "x-ms-ratelimit-remaining-subscription-reads": [
          "11995"
        ],
        "x-ms-request-id": [
          "969cde28-9d9d-453e-9678-2e4cc2e36b23"
        ],
        "x-ms-correlation-request-id": [
          "969cde28-9d9d-453e-9678-2e4cc2e36b23"
        ],
        "x-ms-routing-request-id": [
          "EASTUS2:20210913T220610Z:969cde28-9d9d-453e-9678-2e4cc2e36b23"
        ],
        "Strict-Transport-Security": [
          "max-age=31536000; includeSubDomains"
        ],
        "X-Content-Type-Options": [
          "nosniff"
        ],
        "Date": [
          "Mon, 13 Sep 2021 22:06:09 GMT"
        ],
        "Expires": [
          "-1"
        ],
        "Content-Length": [
          "0"
        ]
      },
      "ResponseBody": "",
      "StatusCode": 200
    },
    {
      "RequestUri": "/subscriptions/e37510d7-33b6-4676-886f-ee75bcc01871/operationresults/eyJqb2JJZCI6IlJFU09VUkNFR1JPVVBERUxFVElPTkpPQi1DUlBURVNUQVI5ODktRUFTVFVTMiIsImpvYkxvY2F0aW9uIjoiZWFzdHVzMiJ9?api-version=2017-05-10",
      "EncodedRequestUri": "L3N1YnNjcmlwdGlvbnMvZTM3NTEwZDctMzNiNi00Njc2LTg4NmYtZWU3NWJjYzAxODcxL29wZXJhdGlvbnJlc3VsdHMvZXlKcWIySkpaQ0k2SWxKRlUwOVZVa05GUjFKUFZWQkVSVXhGVkVsUFRrcFBRaTFEVWxCVVJWTlVRVkk1T0RrdFJVRlRWRlZUTWlJc0ltcHZZa3h2WTJGMGFXOXVJam9pWldGemRIVnpNaUo5P2FwaS12ZXJzaW9uPTIwMTctMDUtMTA=",
      "RequestMethod": "GET",
      "RequestBody": "",
      "RequestHeaders": {
        "User-Agent": [
          "FxVersion/4.6.29518.01",
          "OSName/Windows",
          "OSVersion/Microsoft.Windows.10.0.19042.",
          "Microsoft.Azure.Management.ResourceManager.ResourceManagementClient/1.6.0.0"
        ]
      },
      "ResponseHeaders": {
        "Cache-Control": [
          "no-cache"
        ],
        "Pragma": [
          "no-cache"
        ],
        "x-ms-ratelimit-remaining-subscription-reads": [
          "11994"
        ],
        "x-ms-request-id": [
          "96676778-2227-4311-9bd8-27648b4240ec"
        ],
        "x-ms-correlation-request-id": [
          "96676778-2227-4311-9bd8-27648b4240ec"
        ],
        "x-ms-routing-request-id": [
          "EASTUS2:20210913T220610Z:96676778-2227-4311-9bd8-27648b4240ec"
        ],
        "Strict-Transport-Security": [
          "max-age=31536000; includeSubDomains"
        ],
        "X-Content-Type-Options": [
          "nosniff"
        ],
        "Date": [
          "Mon, 13 Sep 2021 22:06:09 GMT"
        ],
        "Expires": [
          "-1"
        ],
        "Content-Length": [
          "0"
        ]
      },
      "ResponseBody": "",
      "StatusCode": 200
    }
  ],
  "Names": {
    "DiskEncryptionSet_UpdateDisk_Execute": [
      "crptestar989",
      "diskrp64"
    ]
  },
  "Variables": {
    "SubscriptionId": "e37510d7-33b6-4676-886f-ee75bcc01871"
  }
}